gitpod /workspace/lw3.io-dao.snr (trunk) $ git status
On branch trunk
Your branch is ahead of 'origin/trunk' by 1 commit.
  (use "git push" to publish your local commits)

Changes not staged for commit:
  (use "git add <file>..." to update what will be committed)
  (use "git restore <file>..." to discard changes in working directory)
        modified:   9.malicious-contracts/terminal.commands

no changes added to commit (use "git add" and/or "git commit -a")
gitpod /workspace/lw3.io-dao.snr (trunk) $ git add .
gitpod /workspace/lw3.io-dao.snr (trunk) $ git status
On branch trunk
Your branch is ahead of 'origin/trunk' by 1 commit.
  (use "git push" to publish your local commits)

Changes to be committed:
  (use "git restore --staged <file>..." to unstage)
        modified:   9.malicious-contracts/terminal.commands

gitpod /workspace/lw3.io-dao.snr (trunk) $ git commit -m 
error: switch `m' requires a value
gitpod /workspace/lw3.io-dao.snr (trunk) $ git commit -m "malicious.contracts.terminal-commands
> ^C
gitpod /workspace/lw3.io-dao.snr (trunk) $ git commit -m "malicious.contracts.terminal-commands
> "^C
gitpod /workspace/lw3.io-dao.snr (trunk) $ git commit -m "malicious.contracts.terminal-commands"
[trunk 8fb7128] malicious.contracts.terminal-commands
 1 file changed, 160 insertions(+)
gitpod /workspace/lw3.io-dao.snr (trunk) $ git status
On branch trunk
Your branch is ahead of 'origin/trunk' by 2 commits.
  (use "git push" to publish your local commits)

nothing to commit, working tree clean
gitpod /workspace/lw3.io-dao.snr (trunk) $ git push
Enumerating objects: 24, done.
Counting objects: 100% (24/24), done.
Delta compression using up to 16 threads
Compressing objects: 100% (22/22), done.
Writing objects: 100% (23/23), 86.14 KiB | 6.63 MiB/s, done.
Total 23 (delta 6), reused 0 (delta 0), pack-reused 0
remote: Resolving deltas: 100% (6/6), completed with 1 local object.
To https://github.com/suvrajeet01/lw3.io-dao.snr.git
   de6c450..8fb7128  trunk -> trunk
gitpod /workspace/lw3.io-dao.snr (trunk) $ clear




















































gitpod /workspace/lw3.io-dao.snr (trunk) $ mkdir 10.upgradeable-contracts
gitpod /workspace/lw3.io-dao.snr (trunk) $ cd 10.upgradeable-contracts/
gitpod /workspace/lw3.io-dao.snr/10.upgradeable-contracts (trunk) $ touch terminal-commands
gitpod /workspace/lw3.io-dao.snr/10.upgradeable-contracts (trunk) $ ll
total 4
drwxr-xr-x  2 gitpod gitpod   31 Apr  6 15:18 ./
drwxr-xr-x 13 gitpod gitpod 4096 Apr  6 15:18 ../
-rw-r--r--  1 gitpod gitpod    0 Apr  6 15:18 terminal-commands
gitpod /workspace/lw3.io-dao.snr/10.upgradeable-contracts (trunk) $ npm init --yes
Wrote to /workspace/lw3.io-dao.snr/10.upgradeable-contracts/package.json:

{
  "name": "10.upgradeable-contracts",
  "version": "1.0.0",
  "description": "",
  "main": "index.js",
  "scripts": {
    "test": "echo \"Error: no test specified\" && exit 1"
  },
  "keywords": [],
  "author": "",
  "license": "ISC"
}


gitpod /workspace/lw3.io-dao.snr/10.upgradeable-contracts (trunk) $ npm install --save-dev hardhat @nomicfoundation/hardhat-toolbox
npm WARN deprecated request-promise-native@1.0.9: request-promise-native has been deprecated because it extends the now deprecated request package, see https://github.com/request/request/issues/3142
npm WARN deprecated har-validator@5.1.5: this library is no longer supported
npx hardhat###⠂⠂⠂⠂⠂) ⠸ reify:graceful-fs: timing reifyNode:node_modules/ci-info Completed in 2210ms
npm WARN deprecated debug@3.2.6: Debug versions >=3.2.0 <3.2.7 || >=4 <4.3.1 have a low-severity ReDos regression when used in a Node.js environment. It is recommended you upgrade to 3.2.7 or 4.3.1. (https://github.com/visionmedia/debug/issues/797)
npm WARN deprecated debug@3.2.6: Debug versions >=3.2.0 <3.2.7 || >=4 <4.3.1 have a low-severity ReDos regression when used in a Node.js environment. It is recommended you upgrade to 3.2.7 or 4.3.1. (https://github.com/visionmedia/debug/issues/797)
npm WARN deprecated uuid@2.0.1: Please upgrade  to version 7 or higher.  Older versions may use Math.random() in certain circumstances, which is known to be problematic.  See https://v8.dev/blog/math-random for details.
npm WARN deprecated uuid@3.4.0: Please upgrade  to version 7 or higher.  Older versions may use Math.random() in certain circumstances, which is known to be problematic.  See https://v8.dev/blog/math-random for details.
npm WARN deprecated request@2.88.2: request has been deprecated, see https://github.com/request/request/issues/3142

added 705 packages, and audited 706 packages in 15s

123 packages are looking for funding
  run `npm fund` for details

11 vulnerabilities (4 moderate, 4 high, 3 critical)

To address all issues, run:
  npm audit fix

Run `npm audit` for details.
gitpod /workspace/lw3.io-dao.snr/10.upgradeable-contracts (trunk) $ npx hardhat
888    888                      888 888               888
888    888                      888 888               888
888    888                      888 888               888
8888888888  8888b.  888d888 .d88888 88888b.   8888b.  888888
888    888     "88b 888P"  d88" 888 888 "88b     "88b 888
888    888 .d888888 888    888  888 888  888 .d888888 888
888    888 888  888 888    Y88b 888 888  888 888  888 Y88b.
888    888 "Y888888 888     "Y88888 888  888 "Y888888  "Y888

Welcome to Hardhat v2.13.0

✔ What do you want to do? · Create a JavaScript project
✔ Hardhat project root: · /workspace/lw3.io-dao.snr/10.upgradeable-contracts
✔ Do you want to add a .gitignore? (Y/n) · y

Project created

See the README.md file for some example tasks you can run

Give Hardhat a star on Github if you're enjoying it!

     https://github.com/NomicFoundation/hardhat
gitpod /workspace/lw3.io-dao.snr/10.upgradeable-contracts (trunk) $ npm install @openzeppelin/contracts-upgradeable @openzeppelin/hardhat-upgrades

added 20 packages, and audited 726 packages in 2s

123 packages are looking for funding
  run `npm fund` for details

11 vulnerabilities (4 moderate, 4 high, 3 critical)

To address issues that do not require attention, run:
  npm audit fix

To address all issues (including breaking changes), run:
  npm audit fix --force

Run `npm audit` for details.
gitpod /workspace/lw3.io-dao.snr/10.upgradeable-contracts (trunk) $ npx hardhat test
Downloading compiler 0.8.17
Compiled 20 Solidity files successfully


  Lock
    Deployment
      ✔ Should set the right unlockTime (1040ms)
      ✔ Should set the right owner
      ✔ Should receive and store the funds to lock
      ✔ Should fail if the unlockTime is not in the future
    Withdrawals
      Validations
        ✔ Should revert with the right error if called too soon
        ✔ Should revert with the right error if called from another account
        ✔ Shouldn't fail if the unlockTime has arrived and the owner calls it
      Events
        ✔ Should emit an event on withdrawals
      Transfers
        ✔ Should transfer the funds to the owner

  ERC721 Upgradeable
    ✔ Should deploy an upgradeable ERC721 Contract (280ms)


  10 passing (1s)

gitpod /workspace/lw3.io-dao.snr/10.upgradeable-contracts (trunk) $ cd ..
gitpod /workspace/lw3.io-dao.snr (trunk) $ git status
On branch trunk
Your branch is up to date with 'origin/trunk'.

Untracked files:
  (use "git add <file>..." to include in what will be committed)
        10.upgradeable-contracts/

nothing added to commit but untracked files present (use "git add" to track)
gitpod /workspace/lw3.io-dao.snr (trunk) $ git add .
gitpod /workspace/lw3.io-dao.snr (trunk) $ git status
On branch trunk
Your branch is up to date with 'origin/trunk'.

Changes to be committed:
  (use "git restore --staged <file>..." to unstage)
        new file:   10.upgradeable-contracts/.gitignore
        new file:   10.upgradeable-contracts/README.md
        new file:   10.upgradeable-contracts/contracts/LW3NFT.sol
        new file:   10.upgradeable-contracts/contracts/LW3NFT2.sol
        new file:   10.upgradeable-contracts/contracts/Lock.sol
        new file:   10.upgradeable-contracts/hardhat.config.js
        new file:   10.upgradeable-contracts/package-lock.json
        new file:   10.upgradeable-contracts/package.json
        new file:   10.upgradeable-contracts/scripts/deploy.js
        new file:   10.upgradeable-contracts/terminal-commands
        new file:   10.upgradeable-contracts/test/Lock.js
        new file:   10.upgradeable-contracts/test/proxy-test.js

gitpod /workspace/lw3.io-dao.snr (trunk) $ git commit -m "upgradeable-contracts"
[trunk 9b254b8] upgradeable-contracts
 12 files changed, 9354 insertions(+)
 create mode 100644 10.upgradeable-contracts/.gitignore
 create mode 100644 10.upgradeable-contracts/README.md
 create mode 100644 10.upgradeable-contracts/contracts/LW3NFT.sol
 create mode 100644 10.upgradeable-contracts/contracts/LW3NFT2.sol
 create mode 100644 10.upgradeable-contracts/contracts/Lock.sol
 create mode 100644 10.upgradeable-contracts/hardhat.config.js
 create mode 100644 10.upgradeable-contracts/package-lock.json
 create mode 100644 10.upgradeable-contracts/package.json
 create mode 100644 10.upgradeable-contracts/scripts/deploy.js
 create mode 100644 10.upgradeable-contracts/terminal-commands
 create mode 100644 10.upgradeable-contracts/test/Lock.js
 create mode 100644 10.upgradeable-contracts/test/proxy-test.js
gitpod /workspace/lw3.io-dao.snr (trunk) $ git status
On branch trunk
Your branch is ahead of 'origin/trunk' by 1 commit.
  (use "git push" to publish your local commits)

nothing to commit, working tree clean
gitpod /workspace/lw3.io-dao.snr (trunk) $ clear